// Jest Snapshot v1, https://goo.gl/fbAQLP

exports[`should match snapshot 1`] = `
<div
  className="fuzzy-search-input"
>
  <input
    onChange={[Function]}
    placeholder="Search for any Star Wars character"
    type="text"
    value=""
  />
</div>
`;
