// Jest Snapshot v1, https://goo.gl/fbAQLP

exports[`should match snapshot 1`] = `
<div
  className="modal-wrapper"
>
  <div
    className="modal"
  >
    <button
      onClick={[MockFunction]}
    />
    <div>
      Hi
    </div>
  </div>
</div>
`;
