// Jest Snapshot v1, https://goo.gl/fbAQLP

exports[`should match snapshot 1`] = `
<li>
  <button
    onClick={[Function]}
  >
    Luke Skywalker
  </button>
</li>
`;

exports[`should render Result showing the Person info 1`] = `
<div>
  <button
    onClick={[Function]}
  >
    Hide
  </button>
  <div>
    <div>
      birth_year
      : 
      19BBY
    </div>
    <div>
      eye_color
      : 
      blue
    </div>
    <div>
      films
      : 
      https://swapi.co/api/films/2/
      https://swapi.co/api/films/6/
      https://swapi.co/api/films/3/
      https://swapi.co/api/films/1/
      https://swapi.co/api/films/7/
    </div>
    <div>
      gender
      : 
      male
    </div>
    <div>
      hair_color
      : 
      blond
    </div>
    <div>
      height
      : 
      172
    </div>
    <div>
      homeworld
      : 
      https://swapi.co/api/planets/1/
    </div>
    <div>
      mass
      : 
      77
    </div>
    <div>
      name
      : 
      Luke Skywalker
    </div>
    <div>
      skin_color
      : 
      fair
    </div>
    <div>
      species
      : 
      https://swapi.co/api/species/1/
    </div>
  </div>
</div>
`;
